
> practice-hub-frontend@1.0.0 build
> vite build

[36mvite v5.4.21 [32mbuilding for production...[36m[39m
transforming...
[32mΓ£ô[39m 1496 modules transformed.
node.exe : [31mx[39m 
Build failed in 2.03s
At line:1 char:1
+ & "C:\Program 
Files\nodejs/node.exe" 
"C:\Program 
Files\nodejs/node_mo ...
+ ~~~~~~~~~~~~~~~~~~~~~~~~~
~~~~~~~~~~~~~~~~~~~~~~~~~~~
~~~~~~~~~~~~~~~~~
    + CategoryInfo         
     : NotSpecified: ([3  
  1mx[39m Build failed    
 in 2.03s:String) [], R    
emoteException
    + FullyQualifiedErrorI 
   d : NativeCommandError
 
[31merror during build:
[31msrc/pages/login.jsx 
(4:7): "default" is not 
exported by "src/components
/GoogleLoginButton.jsx", 
imported by 
"src/pages/login.jsx".[31m
file: [36mC:/Users/varun/D
ownloads/Practice_hub/front
end/src/pages/login.jsx:4:7
[31m
[33m
2: import { useNavigate, 
Link } from 
'react-router-dom';
3: import { useAuth } from 
'../context/AuthContext';
4: import 
GoogleLoginButton from '../
components/GoogleLoginButto
n';
          ^
5: 
6: import { Mail, Lock, 
Eye, EyeOff } from 
'lucide-react';
[31m
    at getRollupError (file
:///C:/Users/varun/Download
s/Practice_hub/frontend/nod
e_modules/rollup/dist/es/sh
ared/parseAst.js:401:41)
    at error (file:///C:/Us
ers/varun/Downloads/Practic
e_hub/frontend/node_modules
/rollup/dist/es/shared/pars
eAst.js:397:42)
    at Module.error (file:/
//C:/Users/varun/Downloads/
Practice_hub/frontend/node_
modules/rollup/dist/es/shar
ed/node-entry.js:17022:16)
    at 
Module.traceVariable (file:
///C:/Users/varun/Downloads
/Practice_hub/frontend/node
_modules/rollup/dist/es/sha
red/node-entry.js:17478:29)
    at 
ModuleScope.findVariable (f
ile:///C:/Users/varun/Downl
oads/Practice_hub/frontend/
node_modules/rollup/dist/es
/shared/node-entry.js:15141
:39)
    at ReturnValueScope.fin
dVariable (file:///C:/Users
/varun/Downloads/Practice_h
ub/frontend/node_modules/ro
llup/dist/es/shared/node-en
try.js:5688:38)
    at FunctionBodyScope.fi
ndVariable (file:///C:/User
s/varun/Downloads/Practice_
hub/frontend/node_modules/r
ollup/dist/es/shared/node-e
ntry.js:5688:38)
    at Identifier.bind (fil
e:///C:/Users/varun/Downloa
ds/Practice_hub/frontend/no
de_modules/rollup/dist/es/s
hared/node-entry.js:5462:40
)
    at CallExpression.bind 
(file:///C:/Users/varun/Dow
nloads/Practice_hub/fronten
d/node_modules/rollup/dist/
es/shared/node-entry.js:282
5:28)
    at CallExpression.bind 
(file:///C:/Users/varun/Dow
nloads/Practice_hub/fronten
d/node_modules/rollup/dist/
es/shared/node-entry.js:121
72:15)[39m
